// Jest Snapshot v1, https://goo.gl/fbAQLP

exports[`map<string,List<string>>转换方法 Map<string,List<object>>转换方法 1`] = `
"cats:java.List((this.cats||[]).map(paramItem=>{
              let paramItemMapTransfer = new Map();
          for(let mapKey  in paramItem){
              paramItemMapTransfer.set(java.String(mapKey), (paramItem[mapKey]&&paramItem[mapKey]['__fields2java'])?paramItem[mapKey]['__fields2java']():paramItem[mapKey]);
          };
          
               return paramItemMapTransfer;
          }))"
`;

exports[`map<string,List<string>>转换方法 map类型转换生成 1`] = `
"let billIdMapMapTransfer = new Map();
          for(let mapKey  in this.billIdMap) {
              billIdMapMapTransfer.set(java.String(mapKey), java.List(this.billIdMap[mapKey].map(paramItem=>{
                    return java.String(paramItem)}))
             );
          };
          "
`;

exports[`基础转换生成 枚举类型 1`] = `
"java['enum'](
                  'com.qianmi.yxtc.enums.BusiTypeEnum',
                  BusiTypeEnum[item]
                )"
`;

exports[`数组显示问题 string[] string[] 1`] = `""`;

exports[`数组显示问题 string[] string[] 2`] = `
"PARSED_IDS:java.array('java.lang.String',(this.PARSED_IDS||[]).map(paramItem=>{
          return java.String(paramItem)
          }))"
`;

exports[`枚举类型转换 1`] = `
Array [
  "type:java['enum'](
                  'com.qianmi.gavin.comm.Phone',
                  Phone[this.type]
                )",
]
`;

exports[`集合显示问题  java.util.Collection 1`] = `""`;

exports[`集合显示问题  java.util.Collection 2`] = `
"skuIds:this.skuIds?java.List((this.skuIds||[]).map(paramItem=>{
          return java.String(paramItem)
          }))
          :null
          "
`;
